
> blog@0.1.0 build
> next build

  Ôû▓ Next.js 14.2.4
  - Environments: .env.local, .env

   Creating an optimized production build ...
 Ô£ô Compiled successfully
   Linting and checking validity of types ...
   Collecting page data ...
   Generating static pages (0/23) ...
node.exe : Error searching blogs: q [Error]: Dynamic server usage: Route /api/search 
couldn't be rendered statically because it used `request.url`. See more info here: 
https://nextjs.org/docs/messages/dynamic-server-error
At line:1 char:1
+ & "C:\Program Files\nodejs/node.exe" "C:\Users\adars\AppData\Roaming\ ...
+ ~~~~~~~~~~~~~~~~~~~~~~~~~~~~~~~~~~~~~~~~~~~~~~~~~~~~~~~~~~~~~~~~~~~~~
    + CategoryInfo          : NotSpecified: (Error searching...ic-server-error:String) [], R 
   emoteException
    + FullyQualifiedErrorId : NativeCommandError
 
    at W (D:\projects\blog\node_modules\next\dist\compiled\next-server\app-route.runtime.prod
.js:6:21106)
    at Object.get (D:\projects\blog\node_modules\next\dist\compiled\next-server\app-route.run
time.prod.js:6:28459)
    at p (D:\projects\blog\.next\server\app\api\search\route.js:1:602)
    at D:\projects\blog\node_modules\next\dist\compiled\next-server\app-route.runtime.prod.js
:6:36264
    at D:\projects\blog\node_modules\next\dist\server\lib\trace\tracer.js:140:36
    at NoopContextManager.with 
(D:\projects\blog\node_modules\next\dist\compiled\@opentelemetry\api\index.js:1:7062)
    at ContextAPI.with 
(D:\projects\blog\node_modules\next\dist\compiled\@opentelemetry\api\index.js:1:518)
    at NoopTracer.startActiveSpan 
(D:\projects\blog\node_modules\next\dist\compiled\@opentelemetry\api\index.js:1:18093)
    at ProxyTracer.startActiveSpan 
(D:\projects\blog\node_modules\next\dist\compiled\@opentelemetry\api\index.js:1:18854)
    at D:\projects\blog\node_modules\next\dist\server\lib\trace\tracer.js:122:103 {
  description: "Route /api/search couldn't be rendered statically because it used 
`request.url`. See more info here: https://nextjs.org/docs/messages/dynamic-server-error",
  digest: 'DYNAMIC_SERVER_USAGE'
}
   Generating static pages (5/23) 
Error fetching notifications: n [Error]: Dynamic server usage: Route /api/notifications 
couldn't be rendered statically because it used `headers`. See more info here: 
https://nextjs.org/docs/messages/dynamic-server-error
    at l (D:\projects\blog\.next\server\chunks\8948.js:1:37249)
    at d (D:\projects\blog\.next\server\chunks\162.js:30:7604)
    at s (D:\projects\blog\.next\server\chunks\162.js:25:19584)
    at i (D:\projects\blog\.next\server\app\blog\viewer\[id]\page.js:55:6684)
    at c (D:\projects\blog\.next\server\app\api\notifications\route.js:1:1288)
    at D:\projects\blog\node_modules\next\dist\compiled\next-server\app-route.runtime.prod.js
:6:36264
    at D:\projects\blog\node_modules\next\dist\server\lib\trace\tracer.js:140:36
    at NoopContextManager.with 
(D:\projects\blog\node_modules\next\dist\compiled\@opentelemetry\api\index.js:1:7062)
    at ContextAPI.with 
(D:\projects\blog\node_modules\next\dist\compiled\@opentelemetry\api\index.js:1:518)
    at NoopTracer.startActiveSpan 
(D:\projects\blog\node_modules\next\dist\compiled\@opentelemetry\api\index.js:1:18093) {
  description: "Route /api/notifications couldn't be rendered statically because it used 
`headers`. See more info here: https://nextjs.org/docs/messages/dynamic-server-error",
  digest: 'DYNAMIC_SERVER_USAGE'
}
   Generating static pages (11/23) 
   Generating static pages (17/23) 
prisma:query SELECT "public"."Blog"."id", "public"."Blog"."title", "public"."Blog"."description", "public"."Blog"."content", "public"."Blog"."imageUrl", "public"."Blog"."createdAt", "public"."Blog"."updatedAt", "public"."Blog"."published", "public"."Blog"."upVotes", "public"."Blog"."downVotes", "public"."Blog"."authorId" FROM "public"."Blog" WHERE "public"."Blog"."published" = $1 ORDER BY "public"."Blog"."upVotes" DESC LIMIT $2 OFFSET $3
prisma:query SELECT "public"."User"."id", "public"."User"."firstName", "public"."User"."lastName", "public"."User"."profilePhoto" FROM "public"."User" WHERE "public"."User"."id" IN ($1,$2,$3) OFFSET $4
prisma:query SELECT "public"."View"."id", "public"."View"."createdAt", "public"."View"."userId", "public"."View"."blogId" FROM "public"."View" WHERE "public"."View"."blogId" IN ($1,$2,$3,$4,$5) OFFSET $6
prisma:query SELECT "public"."Blog"."id", "public"."Blog"."title", "public"."Blog"."description", "public"."Blog"."content", "public"."Blog"."imageUrl", "public"."Blog"."createdAt", "public"."Blog"."updatedAt", "public"."Blog"."published", "public"."Blog"."upVotes", "public"."Blog"."downVotes", "public"."Blog"."authorId" FROM "public"."Blog" WHERE "public"."Blog"."published" = $1 ORDER BY "public"."Blog"."createdAt" DESC LIMIT $2 OFFSET $3
prisma:query SELECT "public"."Blog"."id", "public"."Blog"."title", "public"."Blog"."description", "public"."Blog"."content", "public"."Blog"."imageUrl", "public"."Blog"."createdAt", "public"."Blog"."updatedAt", "public"."Blog"."published", "public"."Blog"."upVotes", "public"."Blog"."downVotes", "public"."Blog"."authorId" FROM "public"."Blog" WHERE "public"."Blog"."published" = $1 ORDER BY "public"."Blog"."upVotes" DESC LIMIT $2 OFFSET $3
prisma:query SELECT "public"."User"."id", "public"."User"."firstName", "public"."User"."lastName", "public"."User"."profilePhoto" FROM "public"."User" WHERE "public"."User"."id" IN ($1,$2,$3,$4) OFFSET $5
prisma:query SELECT "public"."User"."id", "public"."User"."firstName", "public"."User"."lastName", "public"."User"."profilePhoto" FROM "public"."User" WHERE "public"."User"."id" IN ($1,$2,$3) OFFSET $4
prisma:query SELECT "public"."View"."id", "public"."View"."createdAt", "public"."View"."userId", "public"."View"."blogId" FROM "public"."View" WHERE "public"."View"."blogId" IN ($1,$2,$3,$4,$5,$6) OFFSET $7
prisma:query SELECT "public"."View"."id", "public"."View"."createdAt", "public"."View"."userId", "public"."View"."blogId" FROM "public"."View" WHERE "public"."View"."blogId" IN ($1,$2,$3,$4,$5) OFFSET $6
prisma:query SELECT "public"."Category"."id", "public"."Category"."name", COALESCE("aggr_selection_0_Blog"."_aggr_count_blogs", 0) AS "_aggr_count_blogs" FROM "public"."Category" LEFT JOIN (SELECT "public"."_BlogToCategory"."B", COUNT(("public"."_BlogToCategory"."B")) AS "orderby_aggregator" FROM "public"."Blog" LEFT JOIN "public"."_BlogToCategory" ON ("public"."Blog"."id" = ("public"."_BlogToCategory"."A")) WHERE 1=1 GROUP BY "public"."_BlogToCategory"."B") AS "orderby_1_Blog" ON ("public"."Category"."id" = "orderby_1_Blog"."B") LEFT JOIN (SELECT "public"."_BlogToCategory"."B", COUNT(("public"."_BlogToCategory"."B")) AS "_aggr_count_blogs" FROM "public"."Blog" LEFT JOIN "public"."_BlogToCategory" ON ("public"."Blog"."id" = ("public"."_BlogToCategory"."A")) WHERE 1=1 GROUP BY "public"."_BlogToCategory"."B") AS "aggr_selection_0_Blog" ON ("public"."Category"."id" = "aggr_selection_0_Blog"."B") WHERE 1=1 ORDER BY COALESCE("orderby_1_Blog"."orderby_aggregator", $1) DESC LIMIT $2 OFFSET $3
prisma:query SELECT "public"."Blog"."id", "public"."Blog"."title", "public"."Blog"."description", "public"."Blog"."content", "public"."Blog"."imageUrl", "public"."Blog"."createdAt", "public"."Blog"."updatedAt", "public"."Blog"."published", "public"."Blog"."upVotes", "public"."Blog"."downVotes", "public"."Blog"."authorId" FROM "public"."Blog" WHERE "public"."Blog"."published" = $1 ORDER BY "public"."Blog"."createdAt" DESC LIMIT $2 OFFSET $3
prisma:query SELECT "public"."User"."id", "public"."User"."firstName", "public"."User"."lastName", "public"."User"."profilePhoto" FROM "public"."User" WHERE "public"."User"."id" IN ($1,$2,$3,$4) OFFSET $5
prisma:query SELECT "public"."View"."id", "public"."View"."createdAt", "public"."View"."userId", "public"."View"."blogId" FROM "public"."View" WHERE "public"."View"."blogId" IN ($1,$2,$3,$4,$5,$6) OFFSET $7
prisma:query SELECT "public"."Category"."id", "public"."Category"."name", COALESCE("aggr_selection_0_Blog"."_aggr_count_blogs", 0) AS "_aggr_count_blogs" FROM "public"."Category" LEFT JOIN (SELECT "public"."_BlogToCategory"."B", COUNT(("public"."_BlogToCategory"."B")) AS "orderby_aggregator" FROM "public"."Blog" LEFT JOIN "public"."_BlogToCategory" ON ("public"."Blog"."id" = ("public"."_BlogToCategory"."A")) WHERE 1=1 GROUP BY "public"."_BlogToCategory"."B") AS "orderby_1_Blog" ON ("public"."Category"."id" = "orderby_1_Blog"."B") LEFT JOIN (SELECT "public"."_BlogToCategory"."B", COUNT(("public"."_BlogToCategory"."B")) AS "_aggr_count_blogs" FROM "public"."Blog" LEFT JOIN "public"."_BlogToCategory" ON ("public"."Blog"."id" = ("public"."_BlogToCategory"."A")) WHERE 1=1 GROUP BY "public"."_BlogToCategory"."B") AS "aggr_selection_0_Blog" ON ("public"."Category"."id" = "aggr_selection_0_Blog"."B") WHERE 1=1 ORDER BY COALESCE("orderby_1_Blog"."orderby_aggregator", $1) DESC LIMIT $2 OFFSET $3
 Ô£ô Generating static pages (23/23)
   Finalizing page optimization ...
   Collecting build traces ...

Route (app)                              Size     First Load JS
Ôöî ãÆ /                                    284 B          99.4 kB
Ôö£ Ôùï /_not-found                          876 B          88.2 kB
Ôö£ ãÆ /api/auth/[...nextauth]              0 B                0 B
Ôö£ ãÆ /api/blog                            0 B                0 B
Ôö£ ãÆ /api/blog/[id]                       0 B                0 B
Ôö£ ãÆ /api/bookmarks                       0 B                0 B
Ôö£ ãÆ /api/comments/[commentId]            0 B                0 B
Ôö£ ãÆ /api/comments/[commentId]/like       0 B                0 B
Ôö£ ãÆ /api/comments/[commentId]/replies    0 B                0 B
Ôö£ ãÆ /api/follow                          0 B                0 B
Ôö£ ãÆ /api/me                              0 B                0 B
Ôö£ ãÆ /api/notifications                   0 B                0 B
Ôö£ ãÆ /api/profile                         0 B                0 B
Ôö£ ãÆ /api/removefollower                  0 B                0 B
Ôö£ ãÆ /api/search                          0 B                0 B
Ôö£ ãÆ /api/unfollow                        0 B                0 B
Ôö£ ãÆ /api/user/[id]                       0 B                0 B
Ôö£ ãÆ /api/username-exists                 0 B                0 B
Ôö£ ãÆ /api/views/[blogId]                  0 B                0 B
Ôö£ ãÆ /api/vote/blog/[blogId]              0 B                0 B
Ôö£ ãÆ /blog/analytics/[id]                 69.3 kB         157 kB
Ôö£ ãÆ /blog/blogs                          3.63 kB         104 kB
Ôö£ ãÆ /blog/editor/[id]                    9.43 kB         122 kB
Ôö£ ãÆ /blog/viewer/[id]                    26.6 kB         146 kB
Ôö£ Ôùï /bookmarks                           4.46 kB         105 kB
Ôö£ Ôùï /home                                5.27 kB         113 kB
Ôö£ ãÆ /home/following                      3.12 kB         104 kB
Ôö£ ãÆ /new-user                            7.55 kB         136 kB
Ôö£ Ôùï /notifications                       3.84 kB         106 kB
Ôö£ ãÆ /profile                             197 B          87.5 kB
Ôö£ ãÆ /profile/[username]                  5.63 kB         113 kB
Ôö£ ãÆ /profile/edit                        3.78 kB         152 kB
Ôö£ ãÆ /sign-in/[[...sign-in]]              1.78 kB         104 kB
Ôöö ãÆ /sign-up/[[...sign-up]]              196 B          87.5 kB
+ First Load JS shared by all            87.3 kB
  Ôö£ chunks/7023-8a4edb9a0233d7c9.js      31.5 kB
  Ôö£ chunks/fd9d1056-0bf6eaa966fd8dc3.js  53.6 kB
  Ôöö other shared chunks (total)          2.14 kB


ãÆ Middleware                             49.7 kB

Ôùï  (Static)   prerendered as static content
ãÆ  (Dynamic)  server-rendered on demand

